To honour the JVM settings for this build a single-use Daemon process will be forked. For more on this, please refer to https://docs.gradle.org/8.13/userguide/gradle_daemon.html#sec:disabling_the_daemon in the Gradle documentation.
Daemon will be stopped at the end of the build 
> Task :app:checkKotlinGradlePluginConfigurationErrors SKIPPED
> Task :app:preBuild UP-TO-DATE
> Task :app:preDebugBuild UP-TO-DATE
> Task :app:checkDebugAarMetadata UP-TO-DATE
> Task :app:processDebugNavigationResources UP-TO-DATE
> Task :app:compileDebugNavigationResources UP-TO-DATE
> Task :app:generateDebugResValues UP-TO-DATE
> Task :app:mapDebugSourceSetPaths UP-TO-DATE
> Task :app:generateDebugResources UP-TO-DATE
> Task :app:mergeDebugResources UP-TO-DATE
> Task :app:packageDebugResources UP-TO-DATE
> Task :app:parseDebugLocalResources UP-TO-DATE
> Task :app:createDebugCompatibleScreenManifests UP-TO-DATE
> Task :app:extractDeepLinksDebug UP-TO-DATE
> Task :app:processDebugMainManifest UP-TO-DATE
> Task :app:processDebugManifest UP-TO-DATE
> Task :app:processDebugManifestForPackage UP-TO-DATE
> Task :app:processDebugResources UP-TO-DATE

> Task :app:kaptGenerateStubsDebugKotlin
w: Kapt currently doesn't support language version 2.0+. Falling back to 1.9.
e: file:///C:/Users/mario/Desktop/Programacion/DAM/Meta-force/kotlin/app/src/main/java/com/meta_force/meta_force/ui/diets/DietCreationScreen.kt:182:5 Expecting a top level declaration
e: file:///C:/Users/mario/Desktop/Programacion/DAM/Meta-force/kotlin/app/src/main/java/com/meta_force/meta_force/ui/diets/DietCreationScreen.kt:183:1 Expecting a top level declaration
e: file:///C:/Users/mario/Desktop/Programacion/DAM/Meta-force/kotlin/app/src/main/java/com/meta_force/meta_force/ui/workouts/WorkoutCreationScreen.kt:214:5 Expecting a top level declaration
e: file:///C:/Users/mario/Desktop/Programacion/DAM/Meta-force/kotlin/app/src/main/java/com/meta_force/meta_force/ui/workouts/WorkoutCreationScreen.kt:215:1 Expecting a top level declaration

> Task :app:kaptGenerateStubsDebugKotlin FAILED

FAILURE: Build failed with an exception.

* What went wrong:
Execution failed for task ':app:kaptGenerateStubsDebugKotlin'.
> A failure occurred while executing org.jetbrains.kotlin.compilerRunner.GradleCompilerRunnerWithWorkers$GradleKotlinCompilerWorkAction
   > Compilation error. See log for more details

* Try:
> Run with --stacktrace option to get the stack trace.
> Run with --info or --debug option to get more log output.
> Run with --scan to get full insights.
> Get more help at https://help.gradle.org.

BUILD FAILED in 15s
16 actionable tasks: 1 executed, 15 up-to-date
