> Task :app:preBuild UP-TO-DATE
> Task :app:preDebugBuild UP-TO-DATE
> Task :app:mergeDebugNativeDebugMetadata NO-SOURCE
> Task :app:checkKotlinGradlePluginConfigurationErrors SKIPPED
> Task :app:checkDebugAarMetadata UP-TO-DATE
> Task :app:processDebugNavigationResources UP-TO-DATE
> Task :app:compileDebugNavigationResources UP-TO-DATE
> Task :app:generateDebugResValues UP-TO-DATE
> Task :app:mapDebugSourceSetPaths UP-TO-DATE
> Task :app:generateDebugResources UP-TO-DATE
> Task :app:mergeDebugResources UP-TO-DATE
> Task :app:packageDebugResources UP-TO-DATE
> Task :app:parseDebugLocalResources UP-TO-DATE
> Task :app:createDebugCompatibleScreenManifests UP-TO-DATE
> Task :app:extractDeepLinksDebug UP-TO-DATE
> Task :app:processDebugMainManifest UP-TO-DATE
> Task :app:processDebugManifest UP-TO-DATE
> Task :app:processDebugManifestForPackage UP-TO-DATE
> Task :app:processDebugResources UP-TO-DATE
> Task :app:javaPreCompileDebug UP-TO-DATE
> Task :app:mergeDebugShaders UP-TO-DATE
> Task :app:compileDebugShaders NO-SOURCE
> Task :app:generateDebugAssets UP-TO-DATE
> Task :app:mergeDebugAssets UP-TO-DATE
> Task :app:compressDebugAssets UP-TO-DATE
> Task :app:desugarDebugFileDependencies UP-TO-DATE
> Task :app:checkDebugDuplicateClasses UP-TO-DATE
> Task :app:mergeExtDexDebug UP-TO-DATE
> Task :app:mergeLibDexDebug UP-TO-DATE
> Task :app:mergeDebugJniLibFolders UP-TO-DATE
> Task :app:mergeDebugNativeLibs UP-TO-DATE
> Task :app:stripDebugDebugSymbols UP-TO-DATE
> Task :app:validateSigningDebug UP-TO-DATE
> Task :app:writeDebugAppMetadata UP-TO-DATE
> Task :app:writeDebugSigningConfigVersions UP-TO-DATE

> Task :app:kspDebugKotlin
./gradlew : e: [ksp] C:
/Users/mario/Desktop/Pr
ogramacion/DAM/Meta-for
ce/kotlin/app/src/main/
java/com/meta_force/met
a_force/ui/workouts/Wor
koutDetailViewModel.kt:
29: [Hilt] 
@HiltViewModel is only 
supported on types 
that subclass androidx.
lifecycle.ViewModel.
En línea: 1 Carácter: 1
+ ./gradlew 
:app:assembleDebug > 
build_output.txt 2>&1
+ ~~~~~~~~~~~~~~~~~~~~~
~~~~~~~~~~~~~~~~~~~~~~~
~~~~~~~~
    + CategoryInfo     
         : NotSpecifi  
  ed: (e: [ksp] C:/U   
 se...ycle.ViewMode    
l.:String) [], Rem    
oteException
    + FullyQualifiedEr 
   rorId : NativeComm  
  andError
 
[1;31m[Hilt] 
Processing did not 
complete. See error 
above for details.[0m
e: [ksp] 
ModuleProcessingStep 
was unable to process '
com.meta_force.meta_for
ce.di.RepositoryModule'
 because 'error.NonExis
tentClass' could not 
be resolved.

Dependency trace:
    => element 
(CLASS): com.meta_force
.meta_force.di.Reposito
ryModule
    => element 
(METHOD): bindCenterRep
ository(error.NonExiste
ntClass)
    => type (ERROR 
return type): 
error.NonExistentClass

If type 'error.NonExist
entClass' is a 
generated type, check 
above for compilation 
errors that may have 
prevented the type 
from being generated. 
Otherwise, ensure that 
type 'error.NonExistent
Class' is on your 
classpath.
e: [ksp] BindingMethodP
rocessingStep was 
unable to process 'bind
AuthRepository(com.meta
_force.meta_force.data.
repository.AuthReposito
ryImpl)' because 'error
.NonExistentClass' 
could not be resolved.

Dependency trace:
    => element 
(CLASS): com.meta_force
.meta_force.di.Reposito
ryModule
    => element 
(METHOD): bindCenterRep
ository(error.NonExiste
ntClass)
    => type (ERROR 
return type): 
error.NonExistentClass

If type 'error.NonExist
entClass' is a 
generated type, check 
above for compilation 
errors that may have 
prevented the type 
from being generated. 
Otherwise, ensure that 
type 'error.NonExistent
Class' is on your 
classpath.
e: [ksp] BindingMethodP
rocessingStep was 
unable to process 'bind
GymClassRepository(com.
meta_force.meta_force.d
ata.repository.GymClass
RepositoryImpl)' 
because 'error.NonExist
entClass' could not be 
resolved.

Dependency trace:
    => element 
(CLASS): com.meta_force
.meta_force.di.Reposito
ryModule
    => element 
(METHOD): bindCenterRep
ository(error.NonExiste
ntClass)
    => type (ERROR 
return type): 
error.NonExistentClass

If type 'error.NonExist
entClass' is a 
generated type, check 
above for compilation 
errors that may have 
prevented the type 
from being generated. 
Otherwise, ensure that 
type 'error.NonExistent
Class' is on your 
classpath.
e: [ksp] BindingMethodP
rocessingStep was 
unable to process 'bind
WorkoutRepository(com.m
eta_force.meta_force.da
ta.repository.WorkoutRe
positoryImpl)' because 
'error.NonExistentClass
' could not be 
resolved.

Dependency trace:
    => element 
(CLASS): com.meta_force
.meta_force.di.Reposito
ryModule
    => element 
(METHOD): bindCenterRep
ository(error.NonExiste
ntClass)
    => type (ERROR 
return type): 
error.NonExistentClass

If type 'error.NonExist
entClass' is a 
generated type, check 
above for compilation 
errors that may have 
prevented the type 
from being generated. 
Otherwise, ensure that 
type 'error.NonExistent
Class' is on your 
classpath.
e: [ksp] BindingMethodP
rocessingStep was 
unable to process 'bind
DietRepository(com.meta
_force.meta_force.data.
repository.DietReposito
ryImpl)' because 'error
.NonExistentClass' 
could not be resolved.

Dependency trace:
    => element 
(CLASS): com.meta_force
.meta_force.di.Reposito
ryModule
    => element 
(METHOD): bindCenterRep
ository(error.NonExiste
ntClass)
    => type (ERROR 
return type): 
error.NonExistentClass

If type 'error.NonExist
entClass' is a 
generated type, check 
above for compilation 
errors that may have 
prevented the type 
from being generated. 
Otherwise, ensure that 
type 'error.NonExistent
Class' is on your 
classpath.
e: [ksp] BindingMethodP
rocessingStep was 
unable to process 'bind
AiRepository(com.meta_f
orce.meta_force.data.re
pository.AiRepositoryIm
pl)' because 'error.Non
ExistentClass' could 
not be resolved.

Dependency trace:
    => element 
(CLASS): com.meta_force
.meta_force.di.Reposito
ryModule
    => element 
(METHOD): bindCenterRep
ository(error.NonExiste
ntClass)
    => type (ERROR 
return type): 
error.NonExistentClass

If type 'error.NonExist
entClass' is a 
generated type, check 
above for compilation 
errors that may have 
prevented the type 
from being generated. 
Otherwise, ensure that 
type 'error.NonExistent
Class' is on your 
classpath.
e: [ksp] BindingMethodP
rocessingStep was 
unable to process 'bind
CenterRepository(error.
NonExistentClass)' 
because 'error.NonExist
entClass' could not be 
resolved.

Dependency trace:
    => element 
(CLASS): com.meta_force
.meta_force.di.Reposito
ryModule
    => element 
(METHOD): bindCenterRep
ository(error.NonExiste
ntClass)
    => type (ERROR 
return type): 
error.NonExistentClass

If type 'error.NonExist
entClass' is a 
generated type, check 
above for compilation 
errors that may have 
prevented the type 
from being generated. 
Otherwise, ensure that 
type 'error.NonExistent
Class' is on your 
classpath.
e: [ksp] BindingMethodP
rocessingStep was 
unable to process 'bind
MachineRepository(com.m
eta_force.meta_force.da
ta.repository.MachineRe
positoryImpl)' because 
'error.NonExistentClass
' could not be 
resolved.

Dependency trace:
    => element 
(CLASS): com.meta_force
.meta_force.di.Reposito
ryModule
    => element 
(METHOD): bindCenterRep
ository(error.NonExiste
ntClass)
    => type (ERROR 
return type): 
error.NonExistentClass

If type 'error.NonExist
entClass' is a 
generated type, check 
above for compilation 
errors that may have 
prevented the type 
from being generated. 
Otherwise, ensure that 
type 'error.NonExistent
Class' is on your 
classpath.
e: [ksp] BindingMethodP
rocessingStep was 
unable to process 'bind
ProgressRepository(com.
meta_force.meta_force.d
ata.repository.Progress
RepositoryImpl)' 
because 'error.NonExist
entClass' could not be 
resolved.

Dependency trace:
    => element 
(CLASS): com.meta_force
.meta_force.di.Reposito
ryModule
    => element 
(METHOD): bindCenterRep
ository(error.NonExiste
ntClass)
    => type (ERROR 
return type): 
error.NonExistentClass

If type 'error.NonExist
entClass' is a 
generated type, check 
above for compilation 
errors that may have 
prevented the type 
from being generated. 
Otherwise, ensure that 
type 'error.NonExistent
Class' is on your 
classpath.
e: Error occurred in 
KSP, check log for 
detail

> Task :app:kspDebugKotlin FAILED

FAILURE: Build failed 
with an exception.

* What went wrong:
Execution failed for 
task 
':app:kspDebugKotlin'.
> A failure occurred 
while executing org.jet
brains.kotlin.compilerR
unner.GradleCompilerRun
nerWithWorkers$GradleKo
tlinCompilerWorkAction
   > Compilation 
error. See log for 
more details

* Try:
> Run with 
--stacktrace option to 
get the stack trace.
> Run with --info or 
--debug option to get 
more log output.
> Run with --scan to 
get full insights.
> Get more help at http
s://help.gradle.org.

BUILD FAILED in 10s
30 actionable tasks: 1 executed, 29 up-to-date
